INFO:     Started server process [16424]
INFO:     Waiting for application startup.
2026-09-03 17:14:56,238 INFO [startup] app: Starting Consent Management Platform v1.0.0
2026-09-03 17:14:56,383 WARNING [startup] app: Notification template seed skipped: (psycopg2.errors.ForeignKeyViolation) insert or update on table "notification_templates" violates foreign key constraint "notification_templates_tenant_id_fkey"
DETAIL:  Key (tenant_id)=(1) is not present in table "tenants".

[SQL: INSERT INTO notification_templates (tenant_id, event_type, channel, language, subject, body, is_active, created_at, updated_at) SELECT p0::INTEGER, p1::VARCHAR, p2::VARCHAR, p3::VARCHAR, p4::VARCHAR, p5::TEXT, p6::BOOLEAN, p7::TIMESTAMP WITH TIME ZON ... 1217 characters truncated ... ounter) ORDER BY sen_counter RETURNING notification_templates.id, notification_templates.id AS id__1]
[parameters: {'body__0': 'Dear {name}, your consent for purpose {purpose} has been acknowledged. Thank you for using Consent360.', 'channel__0': 'EMAIL', 'created_at__0': datetime.datetime(2026, 9, 3, 11, 44, 56, 379380, tzinfo=datetime.timezone.utc), 'event_type__0': 'consent_acknowledged', 'language__0': 'en', 'subject__0': 'Your consent has been acknowledged', 'updated_at__0': datetime.datetime(2026, 9, 3, 11, 44, 56, 379380, tzinfo=datetime.timezone.utc), 'tenant_id__0': 1, 'is_active__0': True, 'body__1': 'Dear {name}, your consent for purpose {purpose} has been withdrawn. You can re-grant consent at any time.', 'channel__1': 'EMAIL', 'created_at__1': datetime.datetime(2026, 9, 3, 11, 44, 56, 379380, tzinfo=datetime.timezone.utc), 'event_type__1': 'consent_withdrawn', 'language__1': 'en', 'subject__1': 'Your consent has been withdrawn', 'updated_at__1': datetime.datetime(2026, 9, 3, 11, 44, 56, 379380, tzinfo=datetime.timezone.utc), 'tenant_id__1': 1, 'is_active__1': True, 'body__2': 'Dear {name}, your consent for purpose {purpose} is expiring soon. Please renew to continue.', 'channel__2': 'EMAIL', 'created_at__2': datetime.datetime(2026, 9, 3, 11, 44, 56, 379380, tzinfo=datetime.timezone.utc), 'event_type__2': 'consent_renewal_reminder', 'language__2': 'en', 'subject__2': 'Consent renewal reminder', 'updated_at__2': datetime.datetime(2026, 9, 3, 11, 44, 56, 379380, tzinfo=datetime.timezone.utc), 'tenant_id__2': 1, 'is_active__2': True, 'body__3': 'Dear {name}, your personal data will be erased in 48 hours unless you act.', 'channel__3': 'EMAIL', 'created_at__3': datetime.datetime(2026, 9, 3, 11, 44, 56, 379380, tzinfo=datetime.timezone.utc), 'event_type__3': 'erasure_warning', 'language__3': 'en', 'subject__3': '48-hour erasure warning', 'updated_at__3': datetime.datetime(2026, 9, 3, 11, 44, 56, 379380, tzinfo=datetime.timezone.utc), 'tenant_id__3': 1, 'is_active__3': True, 'body__4': 'Dear {name}, we inform you of a data breach affecting your consents.', 'channel__4': 'EMAIL', 'created_at__4': datetime.datetime(2026, 9, 3, 11, 44, 56, 379380, tzinfo=datetime.timezone.utc), 'event_type__4': 'breach_notification', 'language__4': 'en', 'subject__4': 'Data breach notification', 'updated_at__4': datetime.datetime(2026, 9, 3, 11, 44, 56, 379380, tzinfo=datetime.timezone.utc), 'tenant_id__4': 1, 'is_active__4': True, 'body__5': 'Dear {name}, your grievance status has been updated to {status}.', 'channel__5': 'EMAIL', 'created_at__5': datetime.datetime(2026, 9, 3, 11, 44, 56, 379380, tzinfo=datetime.timezone.utc), 'event_type__5': 'grievance_status_change', 'language__5': 'en', 'subject__5': 'Grievance status update', 'updated_at__5': datetime.datetime(2026, 9, 3, 11, 44, 56, 379380, tzinfo=datetime.timezone.utc), 'tenant_id__5': 1, 'is_active__5': True, 'body__6': 'Dear {name}, this is a legacy notice from Consent360.', 'channel__6': 'EMAIL', 'created_at__6': datetime.datetime(2026, 9, 3, 11, 44, 56, 379380, tzinfo=datetime.timezone.utc), 'event_type__6': 'legacy_notice', 'language__6': 'en', 'subject__6': 'Legacy notice', 'updated_at__6': datetime.datetime(2026, 9, 3, 11, 44, 56, 379380, tzinfo=datetime.timezone.utc), 'tenant_id__6': 1, 'is_active__6': True}]
(Background on this error at: https://sqlalche.me/e/20/gkpj)
INFO:     Application startup complete.
ERROR:    [Errno 10048] error while attempting to bind on address ('127.0.C:\Users\Mindgraph\Documents\Consent360\cms\backend\.venv\Lib\site-packages\fastapi\openapi\utils.py:225: UserWarning: Duplicate Operation ID mfa_enroll_auth_mfa_enroll_post for function mfa_enroll at C:\Users\Mindgraph\Documents\Consent360\cms\backend\app\api\routes\role_management.py
  warnings.warn(message, stacklevel=1)
C:\Users\Mindgraph\Documents\Consent360\cms\backend\.venv\Lib\site-packages\fastapi\openapi\utils.py:225: UserWarning: Duplicate Operation ID mfa_verify_auth_mfa_verify_post for function mfa_verify at C:\Users\Mindgraph\Documents\Consent360\cms\backend\app\api\routes\role_management.py
  warnings.warn(message, stacklevel=1)
2026-09-03 17:21:30,883 INFO [85a8bd1b37bf4828b8c86f4e] consent360.encryption: Field-level AES-256-GCM encryption enabled.
2026-09-03 17:23:08,939 WARNING [4423ac4201f5492b989d3e58] consent360.encryption: Failed to decrypt field — returning raw value
2026-09-03 17:23:08,940 WARNING [4423ac4201f5492b989d3e58] consent360.encryption: Failed to decrypt field — returning raw value
2026-09-03 17:23:08,941 WARNING [4423ac4201f5492b989d3e58] consent360.encryption: Failed to decrypt field — returning raw value
2026-09-03 17:23:08,941 WARNING [4423ac4201f5492b989d3e58] consent360.encryption: Failed to decrypt field — returning raw value
2026-09-03 17:23:08,942 WARNING [4423ac4201f5492b989d3e58] consent360.encryption: Failed to decrypt field — returning raw value
2026-09-03 17:23:08,942 WARNING [4423ac4201f5492b989d3e58] consent360.encryption: Failed to decrypt field — returning raw value
2026-09-03 17:23:08,943 WARNING [4423ac4201f5492b989d3e58] consent360.encryption: Failed to decrypt field — returning raw value
2026-09-03 17:23:08,943 WARNING [4423ac4201f5492b989d3e58] consent360.encryption: Failed to decrypt field — returning raw value
2026-09-03 17:23:08,943 WARNING [4423ac4201f5492b989d3e58] consent360.encryption: Failed to decrypt field — returning raw value
2026-09-03 17:23:08,943 WARNING [4423ac4201f5492b989d3e58] consent360.encryption: Failed to decrypt field — returning raw value
2026-09-03 17:23:08,944 WARNING [4423ac4201f5492b989d3e58] consent360.encryption: Failed to decrypt field — returning raw value
2026-09-03 17:23:08,945 WARNING [4423ac4201f5492b989d3e58] consent360.encryption: Failed to decrypt field — returning raw value
2026-09-03 17:23:08,945 WARNING [4423ac4201f5492b989d3e58] consent360.encryption: Failed to decrypt field — returning raw value
2026-09-03 17:23:08,946 WARNING [4423ac4201f5492b989d3e58] consent360.encryption: Failed to decrypt field — returning raw value
2026-09-03 17:23:08,946 WARNING [4423ac4201f5492b989d3e58] consent360.encryption: Failed to decrypt field — returning raw value
2026-09-03 17:23:08,947 WARNING [4423ac4201f5492b989d3e58] consent360.encryption: Failed to decrypt field — returning raw value
2026-09-03 17:23:08,948 WARNING [4423ac4201f5492b989d3e58] consent360.encryption: Failed to decrypt field — returning raw value
2026-09-03 17:23:08,949 WARNING [4423ac4201f5492b989d3e58] consent360.encryption: Failed to decrypt field — returning raw value
2026-09-03 17:23:08,950 WARNING [4423ac4201f5492b989d3e58] consent360.encryption: Failed to decrypt field — returning raw value
2026-09-03 17:23:08,950 WARNING [4423ac4201f5492b989d3e58] consent360.encryption: Failed to decrypt field — returning raw value
2026-09-03 17:23:08,951 WARNING [4423ac4201f5492b989d3e58] consent360.encryption: Failed to decrypt field — returning raw value
2026-09-03 17:23:08,951 WARNING [4423ac4201f5492b989d3e58] consent360.encryption: Failed to decrypt field — returning raw value
2026-09-03 17:23:08,952 WARNING [4423ac4201f5492b989d3e58] consent360.encryption: Failed to decrypt field — returning raw value
2026-09-03 17:23:08,953 WARNING [4423ac4201f5492b989d3e58] consent360.encryption: Failed to decrypt field — returning raw value
2026-09-03 17:23:08,953 WARNING [4423ac4201f5492b989d3e58] consent360.encryption: Failed to decrypt field — returning raw value
2026-09-03 17:23:08,954 WARNING [4423ac4201f5492b989d3e58] consent360.encryption: Failed to decrypt field — returning raw value
2026-09-03 17:23:08,955 WARNING [4423ac4201f5492b989d3e58] consent360.encryption: Failed to decrypt field — returning raw value
2026-09-03 17:23:08,955 WARNING [4423ac4201f5492b989d3e58] consent360.encryption: Failed to decrypt field — returning raw value
2026-09-03 17:23:08,956 WARNING [4423ac4201f5492b989d3e58] consent360.encryption: Failed to decrypt field — returning raw value
2026-09-03 17:23:08,956 WARNING [4423ac4201f5492b989d3e58] consent360.encryption: Failed to decrypt field — returning raw value
2026-09-03 17:23:08,957 WARNING [4423ac4201f5492b989d3e58] consent360.encryption: Failed to decrypt field — returning raw value
2026-09-03 17:23:08,958 WARNING [4423ac4201f5492b989d3e58] consent360.encryption: Failed to decrypt field — returning raw value
2026-09-03 17:23:08,958 WARNING [4423ac4201f5492b989d3e58] consent360.encryption: Failed to decrypt field — returning raw value
2026-09-03 17:23:08,958 WARNING [4423ac4201f5492b989d3e58] consent360.encryption: Failed to decrypt field — returning raw value
2026-09-03 17:23:08,959 WARNING [4423ac4201f5492b989d3e58] consent360.encryption: Failed to decrypt field — returning raw value
2026-09-03 17:23:08,959 WARNING [4423ac4201f5492b989d3e58] consent360.encryption: Failed to decrypt field — returning raw value
2026-09-03 17:23:08,960 WARNING [4423ac4201f5492b989d3e58] consent360.encryption: Failed to decrypt field — returning raw value
2026-09-03 17:23:08,961 WARNING [4423ac4201f5492b989d3e58] consent360.encryption: Failed to decrypt field — returning raw value
2026-09-03 17:23:08,961 WARNING [4423ac4201f5492b989d3e58] consent360.encryption: Failed to decrypt field — returning raw value
2026-09-03 17:23:08,961 WARNING [4423ac4201f5492b989d3e58] consent360.encryption: Failed to decrypt field — returning raw value
2026-09-03 17:23:08,962 WARNING [4423ac4201f5492b989d3e58] consent360.encryption: Failed to decrypt field — returning raw value
2026-09-03 17:23:08,962 WARNING [4423ac4201f5492b989d3e58] consent360.encryption: Failed to decrypt field — returning raw value
2026-09-03 17:23:08,963 WARNING [4423ac4201f5492b989d3e58] consent360.encryption: Failed to decrypt field — returning raw value
2026-09-03 17:23:08,963 WARNING [4423ac4201f5492b989d3e58] consent360.encryption: Failed to decrypt field — returning raw value
2026-09-03 17:23:08,964 WARNING [4423ac4201f5492b989d3e58] consent360.encryption: Failed to decrypt field — returning raw value
2026-09-03 17:23:08,965 WARNING [4423ac4201f5492b989d3e58] consent360.encryption: Failed to decrypt field — returning raw value
2026-09-03 17:23:08,965 WARNING [4423ac4201f5492b989d3e58] consent360.encryption: Failed to decrypt field — returning raw value
2026-09-03 17:23:08,966 WARNING [4423ac4201f5492b989d3e58] consent360.encryption: Failed to decrypt field — returning raw value
2026-09-03 17:23:08,966 WARNING [4423ac4201f5492b989d3e58] consent360.encryption: Failed to decrypt field — returning raw value
2026-09-03 17:23:08,967 WARNING [4423ac4201f5492b989d3e58] consent360.encryption: Failed to decrypt field — returning raw value
2026-09-03 17:23:08,967 WARNING [4423ac4201f5492b989d3e58] consent360.encryption: Failed to decrypt field — returning raw value
2026-09-03 17:23:08,968 WARNING [4423ac4201f5492b989d3e58] consent360.encryption: Failed to decrypt field — returning raw value
2026-09-03 17:23:08,968 WARNING [4423ac4201f5492b989d3e58] consent360.encryption: Failed to decrypt field — returning raw value
2026-09-03 17:23:08,969 WARNING [4423ac4201f5492b989d3e58] consent360.encryption: Failed to decrypt field — returning raw value
2026-09-03 17:23:08,969 WARNING [4423ac4201f5492b989d3e58] consent360.encryption: Failed to decrypt field — returning raw value
2026-09-03 17:23:08,970 WARNING [4423ac4201f5492b989d3e58] consent360.encryption: Failed to decrypt field — returning raw value
2026-09-03 17:23:08,970 WARNING [4423ac4201f5492b989d3e58] consent360.encryption: Failed to decrypt field — returning raw value
2026-09-03 17:23:08,971 WARNING [4423ac4201f5492b989d3e58] consent360.encryption: Failed to decrypt field — returning raw value
2026-09-03 17:23:08,971 WARNING [4423ac4201f5492b989d3e58] consent360.encryption: Failed to decrypt field — returning raw value
2026-09-03 17:23:08,971 WARNING [4423ac4201f5492b989d3e58] consent360.encryption: Failed to decrypt field — returning raw value
2026-09-03 17:23:08,972 WARNING [4423ac4201f5492b989d3e58] consent360.encryption: Failed to decrypt field — returning raw value
2026-09-03 17:23:08,972 WARNING [4423ac4201f5492b989d3e58] consent360.encryption: Failed to decrypt field — returning raw value
2026-09-03 17:23:08,973 WARNING [4423ac4201f5492b989d3e58] consent360.encryption: Failed to decrypt field — returning raw value
2026-09-03 17:23:08,973 WARNING [4423ac4201f5492b989d3e58] consent360.encryption: Failed to decrypt field — returning raw value
2026-09-03 17:23:08,973 WARNING [4423ac4201f5492b989d3e58] consent360.encryption: Failed to decrypt field — returning raw value
2026-09-03 17:23:08,974 WARNING [4423ac4201f5492b989d3e58] consent360.encryption: Failed to decrypt field — returning raw value
2026-09-03 17:23:08,974 WARNING [4423ac4201f5492b989d3e58] consent360.encryption: Failed to decrypt field — returning raw value
2026-09-03 17:23:08,975 WARNING [4423ac4201f5492b989d3e58] consent360.encryption: Failed to decrypt field — returning raw value
2026-09-03 17:23:08,976 WARNING [4423ac4201f5492b989d3e58] consent360.encryption: Failed to decrypt field — returning raw value
2026-09-03 17:23:08,976 WARNING [4423ac4201f5492b989d3e58] consent360.encryption: Failed to decrypt field — returning raw value
2026-09-03 17:23:08,976 WARNING [4423ac4201f5492b989d3e58] consent360.encryption: Failed to decrypt field — returning raw value
2026-09-03 17:23:08,977 WARNING [4423ac4201f5492b989d3e58] consent360.encryption: Failed to decrypt field — returning raw value
2026-09-03 17:23:08,977 WARNING [4423ac4201f5492b989d3e58] consent360.encryption: Failed to decrypt field — returning raw value
2026-09-03 17:23:08,978 WARNING [4423ac4201f5492b989d3e58] consent360.encryption: Failed to decrypt field — returning raw value
2026-09-03 17:23:08,978 WARNING [4423ac4201f5492b989d3e58] consent360.encryption: Failed to decrypt field — returning raw value
2026-09-03 17:23:08,979 WARNING [4423ac4201f5492b989d3e58] consent360.encryption: Failed to decrypt field — returning raw value
2026-09-03 17:23:08,979 WARNING [4423ac4201f5492b989d3e58] consent360.encryption: Failed to decrypt field — returning raw value
2026-09-03 17:23:08,980 WARNING [4423ac4201f5492b989d3e58] consent360.encryption: Failed to decrypt field — returning raw value
2026-09-03 17:23:08,980 WARNING [4423ac4201f5492b989d3e58] consent360.encryption: Failed to decrypt field — returning raw value
2026-09-03 17:23:08,981 WARNING [4423ac4201f5492b989d3e58] consent360.encryption: Failed to decrypt field — returning raw value
2026-09-03 17:23:08,981 WARNING [4423ac4201f5492b989d3e58] consent360.encryption: Failed to decrypt field — returning raw value
2026-09-03 17:23:08,981 WARNING [4423ac4201f5492b989d3e58] consent360.encryption: Failed to decrypt field — returning raw value
2026-09-03 17:23:08,982 WARNING [4423ac4201f5492b989d3e58] consent360.encryption: Failed to decrypt field — returning raw value
2026-09-03 17:23:08,982 WARNING [4423ac4201f5492b989d3e58] consent360.encryption: Failed to decrypt field — returning raw value
2026-09-03 17:23:08,983 WARNING [4423ac4201f5492b989d3e58] consent360.encryption: Failed to decrypt field — returning raw value
2026-09-03 17:23:08,983 WARNING [4423ac4201f5492b989d3e58] consent360.encryption: Failed to decrypt field — returning raw value
2026-09-03 17:23:08,984 WARNING [4423ac4201f5492b989d3e58] consent360.encryption: Failed to decrypt field — returning raw value
2026-09-03 17:23:08,985 WARNING [4423ac4201f5492b989d3e58] consent360.encryption: Failed to decrypt field — returning raw value
2026-09-03 17:23:08,985 WARNING [4423ac4201f5492b989d3e58] consent360.encryption: Failed to decrypt field — returning raw value
2026-09-03 17:23:08,986 WARNING [4423ac4201f5492b989d3e58] consent360.encryption: Failed to decrypt field — returning raw value
2026-09-03 17:23:08,986 WARNING [4423ac4201f5492b989d3e58] consent360.encryption: Failed to decrypt field — returning raw value
2026-09-03 17:23:08,987 WARNING [4423ac4201f5492b989d3e58] consent360.encryption: Failed to decrypt field — returning raw value
2026-09-03 17:23:08,987 WARNING [4423ac4201f5492b989d3e58] consent360.encryption: Failed to decrypt field — returning raw value
2026-09-03 17:23:08,988 WARNING [4423ac4201f5492b989d3e58] consent360.encryption: Failed to decrypt field — returning raw value
2026-09-03 17:23:08,988 WARNING [4423ac4201f5492b989d3e58] consent360.encryption: Failed to decrypt field — returning raw value
2026-09-03 17:23:08,989 WARNING [4423ac4201f5492b989d3e58] consent360.encryption: Failed to decrypt field — returning raw value
2026-09-03 17:23:09,179 WARNING [c99ea44b529f4ea78ea0a786] consent360.encryption: Failed to decrypt field — returning raw value
2026-09-03 17:23:09,180 WARNING [c99ea44b529f4ea78ea0a786] consent360.encryption: Failed to decrypt field — returning raw value
2026-09-03 17:23:09,181 WARNING [c99ea44b529f4ea78ea0a786] consent360.encryption: Failed to decrypt field — returning raw value
2026-09-03 17:23:09,181 WARNING [c99ea44b529f4ea78ea0a786] consent360.encryption: Failed to decrypt field — returning raw value
2026-09-03 17:23:09,182 WARNING [c99ea44b529f4ea78ea0a786] consent360.encryption: Failed to decrypt field — returning raw value
2026-09-03 17:23:09,182 WARNING [c99ea44b529f4ea78ea0a786] consent360.encryption: Failed to decrypt field — returning raw value
2026-09-03 17:23:09,182 WARNING [c99ea44b529f4ea78ea0a786] consent360.encryption: Failed to decrypt field — returning raw value
2026-09-03 17:23:09,184 WARNING [c99ea44b529f4ea78ea0a786] consent360.encryption: Failed to decrypt field — returning raw value
2026-09-03 17:23:09,185 WARNING [c99ea44b529f4ea78ea0a786] consent360.encryption: Failed to decrypt field — returning raw value
2026-09-03 17:23:09,186 WARNING [c99ea44b529f4ea78ea0a786] consent360.encryption: Failed to decrypt field — returning raw value
2026-09-03 17:23:09,186 WARNING [c99ea44b529f4ea78ea0a786] consent360.encryption: Failed to decrypt field — returning raw value
2026-09-03 17:23:09,186 WARNING [c99ea44b529f4ea78ea0a786] consent360.encryption: Failed to decrypt field — returning raw value
2026-09-03 17:23:09,187 WARNING [c99ea44b529f4ea78ea0a786] consent360.encryption: Failed to decrypt field — returning raw value
2026-09-03 17:23:09,187 WARNING [c99ea44b529f4ea78ea0a786] consent360.encryption: Failed to decrypt field — returning raw value
2026-09-03 17:23:09,188 WARNING [c99ea44b529f4ea78ea0a786] consent360.encryption: Failed to decrypt field — returning raw value
2026-09-03 17:23:09,188 WARNING [c99ea44b529f4ea78ea0a786] consent360.encryption: Failed to decrypt field — returning raw value
2026-09-03 17:23:09,188 WARNING [c99ea44b529f4ea78ea0a786] consent360.encryption: Failed to decrypt field — returning raw value
2026-09-03 17:23:09,188 WARNING [c99ea44b529f4ea78ea0a786] consent360.encryption: Failed to decrypt field — returning raw value
2026-09-03 17:23:09,189 WARNING [c99ea44b529f4ea78ea0a786] consent360.encryption: Failed to decrypt field — returning raw value
2026-09-03 17:23:09,189 WARNING [c99ea44b529f4ea78ea0a786] consent360.encryption: Failed to decrypt field — returning raw value
2026-09-03 17:23:09,189 WARNING [c99ea44b529f4ea78ea0a786] consent360.encryption: Failed to decrypt field — returning raw value
2026-09-03 17:23:09,190 WARNING [c99ea44b529f4ea78ea0a786] consent360.encryption: Failed to decrypt field — returning raw value
2026-09-03 17:23:09,190 WARNING [c99ea44b529f4ea78ea0a786] consent360.encryption: Failed to decrypt field — returning raw value
2026-09-03 17:23:09,191 WARNING [c99ea44b529f4ea78ea0a786] consent360.encryption: Failed to decrypt field — returning raw value
2026-09-03 17:23:09,192 WARNING [c99ea44b529f4ea78ea0a786] consent360.encryption: Failed to decrypt field — returning raw value
2026-09-03 17:23:09,192 WARNING [c99ea44b529f4ea78ea0a786] consent360.encryption: Failed to decrypt field — returning raw value
2026-09-03 17:23:09,192 WARNING [c99ea44b529f4ea78ea0a786] consent360.encryption: Failed to decrypt field — returning raw value
2026-09-03 17:23:09,192 WARNING [c99ea44b529f4ea78ea0a786] consent360.encryption: Failed to decrypt field — returning raw value
2026-09-03 17:23:09,194 WARNING [c99ea44b529f4ea78ea0a786] consent360.encryption: Failed to decrypt field — returning raw value
2026-09-03 17:23:09,194 WARNING [c99ea44b529f4ea78ea0a786] consent360.encryption: Failed to decrypt field — returning raw value
2026-09-03 17:23:09,195 WARNING [c99ea44b529f4ea78ea0a786] consent360.encryption: Failed to decrypt field — returning raw value
2026-09-03 17:23:09,195 WARNING [c99ea44b529f4ea78ea0a786] consent360.encryption: Failed to decrypt field — returning raw value
2026-09-03 17:23:09,196 WARNING [c99ea44b529f4ea78ea0a786] consent360.encryption: Failed to decrypt field — returning raw value
2026-09-03 17:23:09,196 WARNING [c99ea44b529f4ea78ea0a786] consent360.encryption: Failed to decrypt field — returning raw value
2026-09-03 17:23:09,197 WARNING [c99ea44b529f4ea78ea0a786] consent360.encryption: Failed to decrypt field — returning raw value
2026-09-03 17:23:09,197 WARNING [c99ea44b529f4ea78ea0a786] consent360.encryption: Failed to decrypt field — returning raw value
2026-09-03 17:23:09,198 WARNING [c99ea44b529f4ea78ea0a786] consent360.encryption: Failed to decrypt field — returning raw value
2026-09-03 17:23:09,198 WARNING [c99ea44b529f4ea78ea0a786] consent360.encryption: Failed to decrypt field — returning raw value
2026-09-03 17:23:09,199 WARNING [c99ea44b529f4ea78ea0a786] consent360.encryption: Failed to decrypt field — returning raw value
2026-09-03 17:23:09,199 WARNING [c99ea44b529f4ea78ea0a786] consent360.encryption: Failed to decrypt field — returning raw value
2026-09-03 17:23:09,200 WARNING [c99ea44b529f4ea78ea0a786] consent360.encryption: Failed to decrypt field — returning raw value
2026-09-03 17:23:09,200 WARNING [c99ea44b529f4ea78ea0a786] consent360.encryption: Failed to decrypt field — returning raw value
2026-09-03 17:23:09,201 WARNING [c99ea44b529f4ea78ea0a786] consent360.encryption: Failed to decrypt field — returning raw value
2026-09-03 17:23:09,202 WARNING [c99ea44b529f4ea78ea0a786] consent360.encryption: Failed to decrypt field — returning raw value
2026-09-03 17:23:09,203 WARNING [c99ea44b529f4ea78ea0a786] consent360.encryption: Failed to decrypt field — returning raw value
2026-09-03 17:23:09,204 WARNING [c99ea44b529f4ea78ea0a786] consent360.encryption: Failed to decrypt field — returning raw value
2026-09-03 17:23:09,205 WARNING [c99ea44b529f4ea78ea0a786] consent360.encryption: Failed to decrypt field — returning raw value
2026-09-03 17:23:09,206 WARNING [c99ea44b529f4ea78ea0a786] consent360.encryption: Failed to decrypt field — returning raw value
2026-09-03 17:23:09,206 WARNING [c99ea44b529f4ea78ea0a786] consent360.encryption: Failed to decrypt field — returning raw value
2026-09-03 17:23:09,207 WARNING [c99ea44b529f4ea78ea0a786] consent360.encryption: Failed to decrypt field — returning raw value
2026-09-03 17:23:09,207 WARNING [c99ea44b529f4ea78ea0a786] consent360.encryption: Failed to decrypt field — returning raw value
2026-09-03 17:23:09,208 WARNING [c99ea44b529f4ea78ea0a786] consent360.encryption: Failed to decrypt field — returning raw value
2026-09-03 17:23:09,208 WARNING [c99ea44b529f4ea78ea0a786] consent360.encryption: Failed to decrypt field — returning raw value
2026-09-03 17:23:09,209 WARNING [c99ea44b529f4ea78ea0a786] consent360.encryption: Failed to decrypt field — returning raw value
2026-09-03 17:23:09,209 WARNING [c99ea44b529f4ea78ea0a786] consent360.encryption: Failed to decrypt field — returning raw value
2026-09-03 17:23:09,210 WARNING [c99ea44b529f4ea78ea0a786] consent360.encryption: Failed to decrypt field — returning raw value
2026-09-03 17:23:09,211 WARNING [c99ea44b529f4ea78ea0a786] consent360.encryption: Failed to decrypt field — returning raw value
2026-09-03 17:23:09,212 WARNING [c99ea44b529f4ea78ea0a786] consent360.encryption: Failed to decrypt field — returning raw value
2026-09-03 17:23:09,212 WARNING [c99ea44b529f4ea78ea0a786] consent360.encryption: Failed to decrypt field — returning raw value
2026-09-03 17:23:09,213 WARNING [c99ea44b529f4ea78ea0a786] consent360.encryption: Failed to decrypt field — returning raw value
2026-09-03 17:23:09,213 WARNING [c99ea44b529f4ea78ea0a786] consent360.encryption: Failed to decrypt field — returning raw value
2026-09-03 17:23:09,213 WARNING [c99ea44b529f4ea78ea0a786] consent360.encryption: Failed to decrypt field — returning raw value
2026-09-03 17:23:09,213 WARNING [c99ea44b529f4ea78ea0a786] consent360.encryption: Failed to decrypt field — returning raw value
2026-09-03 17:23:09,214 WARNING [c99ea44b529f4ea78ea0a786] consent360.encryption: Failed to decrypt field — returning raw value
2026-09-03 17:23:09,215 WARNING [c99ea44b529f4ea78ea0a786] consent360.encryption: Failed to decrypt field — returning raw value
2026-09-03 17:23:09,215 WARNING [c99ea44b529f4ea78ea0a786] consent360.encryption: Failed to decrypt field — returning raw value
2026-09-03 17:23:09,216 WARNING [c99ea44b529f4ea78ea0a786] consent360.encryption: Failed to decrypt field — returning raw value
2026-09-03 17:23:09,216 WARNING [c99ea44b529f4ea78ea0a786] consent360.encryption: Failed to decrypt field — returning raw value
2026-09-03 17:23:09,217 WARNING [c99ea44b529f4ea78ea0a786] consent360.encryption: Failed to decrypt field — returning raw value
2026-09-03 17:23:09,217 WARNING [c99ea44b529f4ea78ea0a786] consent360.encryption: Failed to decrypt field — returning raw value
2026-09-03 17:23:09,218 WARNING [c99ea44b529f4ea78ea0a786] consent360.encryption: Failed to decrypt field — returning raw value
2026-09-03 17:23:09,218 WARNING [c99ea44b529f4ea78ea0a786] consent360.encryption: Failed to decrypt field — returning raw value
2026-09-03 17:23:09,218 WARNING [c99ea44b529f4ea78ea0a786] consent360.encryption: Failed to decrypt field — returning raw value
2026-09-03 17:23:09,219 WARNING [c99ea44b529f4ea78ea0a786] consent360.encryption: Failed to decrypt field — returning raw value
2026-09-03 17:23:09,219 WARNING [c99ea44b529f4ea78ea0a786] consent360.encryption: Failed to decrypt field — returning raw value
2026-09-03 17:23:09,220 WARNING [c99ea44b529f4ea78ea0a786] consent360.encryption: Failed to decrypt field — returning raw value
2026-09-03 17:23:09,220 WARNING [c99ea44b529f4ea78ea0a786] consent360.encryption: Failed to decrypt field — returning raw value
2026-09-03 17:23:09,221 WARNING [c99ea44b529f4ea78ea0a786] consent360.encryption: Failed to decrypt field — returning raw value
2026-09-03 17:23:09,221 WARNING [c99ea44b529f4ea78ea0a786] consent360.encryption: Failed to decrypt field — returning raw value
2026-09-03 17:23:09,221 WARNING [c99ea44b529f4ea78ea0a786] consent360.encryption: Failed to decrypt field — returning raw value
2026-09-03 17:23:09,222 WARNING [c99ea44b529f4ea78ea0a786] consent360.encryption: Failed to decrypt field — returning raw value
2026-09-03 17:23:09,222 WARNING [c99ea44b529f4ea78ea0a786] consent360.encryption: Failed to decrypt field — returning raw value
2026-09-03 17:23:09,222 WARNING [c99ea44b529f4ea78ea0a786] consent360.encryption: Failed to decrypt field — returning raw value
2026-09-03 17:23:09,223 WARNING [c99ea44b529f4ea78ea0a786] consent360.encryption: Failed to decrypt field — returning raw value
2026-09-03 17:23:09,223 WARNING [c99ea44b529f4ea78ea0a786] consent360.encryption: Failed to decrypt field — returning raw value
2026-09-03 17:23:09,224 WARNING [c99ea44b529f4ea78ea0a786] consent360.encryption: Failed to decrypt field — returning raw value
2026-09-03 17:23:09,225 WARNING [c99ea44b529f4ea78ea0a786] consent360.encryption: Failed to decrypt field — returning raw value
2026-09-03 17:23:09,225 WARNING [c99ea44b529f4ea78ea0a786] consent360.encryption: Failed to decrypt field — returning raw value
2026-09-03 17:23:09,226 WARNING [c99ea44b529f4ea78ea0a786] consent360.encryption: Failed to decrypt field — returning raw value
2026-09-03 17:23:09,226 WARNING [c99ea44b529f4ea78ea0a786] consent360.encryption: Failed to decrypt field — returning raw value
2026-09-03 17:23:09,227 WARNING [c99ea44b529f4ea78ea0a786] consent360.encryption: Failed to decrypt field — returning raw value
2026-09-03 17:23:09,227 WARNING [c99ea44b529f4ea78ea0a786] consent360.encryption: Failed to decrypt field — returning raw value
2026-09-03 17:23:09,227 WARNING [c99ea44b529f4ea78ea0a786] consent360.encryption: Failed to decrypt field — returning raw value
2026-09-03 17:23:09,228 WARNING [c99ea44b529f4ea78ea0a786] consent360.encryption: Failed to decrypt field — returning raw value
2026-09-03 17:23:09,228 WARNING [c99ea44b529f4ea78ea0a786] consent360.encryption: Failed to decrypt field — returning raw value
2026-09-03 17:23:09,228 WARNING [c99ea44b529f4ea78ea0a786] consent360.encryption: Failed to decrypt field — returning raw value
